I'm sorry, but errors were detected in your script. Please correct the
errors listed below, and try again.


File "game/day1.rpy", line 19: is not terminated with a newline. (Check strings and parenthesis.)
(Perhaps you left out a " at the end of the first line.)
        s "You failed me, [player]

Ren'Py Version: Ren'Py 7.3.5.606
Sun Aug 16 17:36:33 2020
